Trace: foo
    at Console.trace (*)
    at Object.<anonymous> (*console.js:*:*)
    at *
    at *
    at *
    at *
    at *
    at *
